[(x,KVSERROR)(z,KVSERROR)(l,KVSERROR)(v,KVSERROR)]
(a, anna)
(a6, 52)
(a5, 74)
(a3, 59)
(a4, 41)
(a0, 75)
(a7, 91)
(a9, 23)
(a8, 17)
(a2, 91)
(a1, 27)
(b, bernardo)
(b8, 89)
(b2, 54)
(b6, 91)
(b5, 24)
(b7, 69)
(b3, 80)
(b4, 15)
(c, carlota)
(c7, 53)
(c1, 85)
(c5, 18)
(c6, 69)
(c4, 50)
(c9, 35)
(c3, 51)
(c0, 41)
(c8, 89)
(d, dinis)
(d4, 29)
(d6, 81)
(d9, 11)
(d1, 98)
(d7, 17)
(d5, 21)
(d8, 35)
(d2, 71)
(e1, 32)
(e3, 0)
(e6, 65)
(e2, 68)
(e0, 64)
(e4, 77)
(f7, 15)
(f5, 53)
(f0, 59)
(f3, 64)
(f2, 83)
(f9, 30)
(g4, 8)
(g7, 72)
(g1, 87)
(g0, 74)
(g8, 56)
(g6, 34)
(g9, 21)
(h4, 71)
(h6, 56)
(h5, 93)
(h7, 18)
(h2, 7)
(h9, 89)
(h0, 59)
(h1, 7)
(i5, 69)
(i3, 56)
(i8, 35)
(i6, 96)
(i1, 1)
(i9, 20)
(i2, 95)
(i4, 86)
(j6, 32)
(j5, 1)
(j1, 42)
(j3, 33)
(j9, 21)
(j7, 63)
(k3, 8)
(k7, 7)
(k6, 79)
(k4, 8)
(k9, 12)
(k8, 4)
(k1, 93)
(l6, 32)
(l2, 55)
(l5, 5)
(l1, 0)
(l3, 33)
(l8, 86)
(l0, 83)
(m2, 13)
(m8, 43)
(m4, 2)
(m3, 78)
(m0, 38)
(m5, 73)
(m7, 66)
(n7, 26)
(n5, 59)
(n0, 49)
(n6, 47)
(n8, 47)
(n1, 40)
(n9, 1)
(n4, 16)
(o3, 57)
(o7, 22)
(o2, 64)
(o6, 10)
(o0, 70)
(p7, 89)
(p6, 71)
(p0, 84)
(p8, 78)
(p2, 75)
(p4, 43)
(p9, 81)
(q5, 99)
(q9, 95)
(q2, 85)
(q3, 76)
(q0, 60)
(q1, 13)
(q8, 44)
(q6, 73)
(r6, 45)
(r2, 4)
(r0, 79)
(r8, 53)
(r7, 33)
(r3, 67)
(r1, 9)
(r4, 2)
(s4, 56)
(s0, 54)
(s2, 17)
(t5, 12)
(t2, 87)
(t7, 22)
(t0, 38)
(t9, 18)
(t6, 25)
(t8, 54)
(u8, 71)
(u6, 7)
(u7, 96)
(u9, 34)
(u3, 89)
(v7, 36)
(v4, 31)
(v6, 55)
(v9, 92)
(v5, 47)
(v3, 22)
(v0, 87)
(v8, 59)
(w2, 29)
(w7, 85)
(w9, 38)
(w1, 60)
(w8, 75)
(w5, 26)
(w3, 24)
(w0, 81)
(w4, 77)
(x0, 65)
(x2, 98)
(x1, 30)
(x7, 85)
(x9, 76)
(x4, 57)
(x5, 48)
(y1, 29)
(y9, 85)
(y7, 42)
(y3, 0)
(y4, 89)
(y0, 49)
(z5, 45)
(z7, 27)
(z9, 57)
(z4, 100)
(z3, 1)
(z8, 9)
[(c,KVSERROR)]
(a, anna)
(a5, 74)
(a3, 59)
(a4, 1)
(a0, 75)
(a7, 79)
(a9, 23)
(a8, 17)
(a2, 97)
(a1, 22)
(b9, 14)
(b, bernardo)
(b8, 89)
(b2, 54)
(b5, 24)
(b7, 11)
(b3, 80)
(b4, 59)
(c2, 27)
(c7, 53)
(c1, 85)
(c5, 64)
(c6, 69)
(c4, 50)
(c9, 35)
(c3, 51)
(c0, 41)
(c8, 89)
(d, dinis)
(d4, 84)
(d6, 81)
(d9, 81)
(d1, 98)
(d7, 40)
(d5, 21)
(d8, 35)
(d2, 71)
(e5, 57)
(e1, 32)
(e3, 49)
(e6, 65)
(e2, 68)
(e0, 64)
(e4, 77)
(f1, 35)
(f7, 15)
(f0, 59)
(f3, 64)
(f2, 46)
(f9, 37)
(g2, 24)
(g4, 8)
(g7, 72)
(g1, 87)
(g8, 56)
(g6, 58)
(g9, 21)
(h6, 61)
(h5, 93)
(h7, 18)
(h2, 7)
(h0, 59)
(h1, 7)
(i5, 69)
(i3, 56)
(i8, 35)
(i6, 96)
(i1, 1)
(i9, 20)
(i2, 95)
(i4, 86)
(j6, 32)
(j1, 42)
(j3, 33)
(j9, 21)
(j7, 63)
(k2, 8)
(k3, 8)
(k7, 7)
(k6, 79)
(k4, 8)
(k9, 12)
(k8, 4)
(k1, 93)
(l6, 32)
(l2, 8)
(l5, 5)
(l1, 0)
(l3, 33)
(l8, 86)
(l0, 52)
(m2, 13)
(m8, 43)
(m4, 2)
(m3, 78)
(m0, 38)
(m5, 73)
(m7, 66)
(n7, 24)
(n5, 59)
(n0, 91)
(n6, 57)
(n8, 47)
(n1, 34)
(n9, 1)
(n4, 16)
(o8, 63)
(o9, 62)
(o3, 57)
(o7, 22)
(o2, 64)
(o6, 10)
(o0, 70)
(p7, 89)
(p6, 71)
(p0, 84)
(p8, 78)
(p2, 75)
(p4, 43)
(p9, 81)
(q5, 99)
(q9, 95)
(q2, 85)
(q3, 77)
(q0, 60)
(q1, 13)
(q6, 34)
(r6, 45)
(r2, 4)
(r0, 79)
(r8, 53)
(r7, 33)
(r3, 67)
(r1, 7)
(r4, 2)
(s1, 70)
(s4, 56)
(s0, 54)
(t1, 80)
(t5, 12)
(t2, 87)
(t7, 22)
(t0, 38)
(t9, 18)
(t6, 25)
(t8, 21)
(u8, 71)
(u6, 98)
(u7, 96)
(u9, 23)
(u3, 89)
(v1, 54)
(v7, 36)
(v4, 31)
(v6, 55)
(v9, 91)
(v5, 47)
(v3, 22)
(v0, 87)
(v8, 59)
(w1, 50)
(w2, 29)
(w7, 85)
(w9, 38)
(w8, 75)
(w5, 26)
(w3, 24)
(w0, 81)
(x0, 65)
(x2, 11)
(x1, 30)
(x7, 85)
(x9, 76)
(x4, 57)
(x5, 48)
(y2, 23)
(y1, 29)
(y7, 14)
(y3, 0)
(y0, 49)
(z1, 62)
(z8, 10)
(z5, 45)
(z7, 27)
(z9, 57)
(z4, 100)
(z3, 1)
